(---------------------------------------------------------------------)
(                                                                     )
(    Glossing                                                         )
(                                                                     )
(    Drawing          : eem2ttl.brd                                   )
(    Software Version : 23.1S003                                      )
(    Date/Time        : Wed Aug 21 12:20:27 2024                      )
(                                                                     )
(---------------------------------------------------------------------)


**WARNING: Disabling dynamic shapes



Pad and T Fillet glossing in progress.
Started on Wed Aug 21 12:20:27 2024

 Round pads:          YES   max size: 2.5400
 Square pads:         YES   max size: 2.5400
 Rectangular pads:    YES   max size: 2.5400
 Oblong pads:         YES   max size: 2.5400
 Octagon pads:        YES   max size: 2.5400
 Pads as shapes:      NO 
 Pins:                YES
 Vias:                YES
 Bond Fingers:        NO 
 Ts:                  YES
 Unused nets:         YES
 Pads Without Drills: YES
 Desired Pin Angle:       90
 Desired Via Angle:       90
 Desired T Angle:         90
 Maximum Pin Angle:       90
 Maximum Via Angle:       90
 Maximum T Angle:         90
 Pin Maximum offset:      0.6350
 Via Maximum offset:      0.6350
 T Maximum offset:        0.6350
 Pin minimum line width:  0.0762
 Via minimum line width:  0.0762
 T minimum line width:    0.0762
 Pin maximum line width:  0.6350
 Via maximum line width:  0.6350
 T maximum line width:    0.6350
 Tapers:                  NO 
 Desired Taper Angle:     60
 Taper Maximum offset:    0.6350
 Allow drc:           NO 
 Dynamic:             NO 
 Curved lines:        NO 

*WARNING: Can't create fillet at pad (53.3400 27.1780) on subclass TOP.
          Computed fillet point lies inside pad boundary; required to be outside.

*WARNING: Can't create fillet at pad (60.4520 43.2260) on subclass TOP.
          Unable to create fillet, parameters result in fillet entirely within pad.

*WARNING: Can't create fillet at pad (71.1200 27.1780) on subclass TOP.
          Computed fillet point lies inside pad boundary; required to be outside.

*WARNING: Can't create fillet at pad (65.5320 43.2260) on subclass TOP.
          Unable to create fillet, parameters result in fillet entirely within pad.

*WARNING: Can't create fillet at pad (76.2000 27.1780) on subclass TOP.
          Computed fillet point lies inside pad boundary; required to be outside.

*WARNING: Can't create fillet at pad (83.3120 43.2260) on subclass TOP.
          Unable to create fillet, parameters result in fillet entirely within pad.

*WARNING: Can't create fillet at pad (93.9800 27.1780) on subclass TOP.
          Computed fillet point lies inside pad boundary; required to be outside.

*WARNING: Can't create fillet at pad (88.3920 43.2260) on subclass TOP.
          Unable to create fillet, parameters result in fillet entirely within pad.

*WARNING: Can't create fillet at pad (9.6520 43.2260) on subclass TOP.
          Unable to create fillet, parameters result in fillet entirely within pad.

*WARNING: Can't create fillet at pad (5.0800 27.1780) on subclass TOP.
          Computed fillet point lies inside pad boundary; required to be outside.

*WARNING: Can't create fillet at pad (14.7320 43.2260) on subclass TOP.
          Unable to create fillet, parameters result in fillet entirely within pad.

*WARNING: Can't create fillet at pad (20.3200 27.1780) on subclass TOP.
          Computed fillet point lies inside pad boundary; required to be outside.

*WARNING: Can't create fillet at pad (27.9400 27.1780) on subclass TOP.
          Computed fillet point lies inside pad boundary; required to be outside.

*WARNING: Can't create fillet at pad (32.5120 43.2260) on subclass TOP.
          Removed due to DRC error.

*WARNING: Can't create fillet at pad (45.7200 27.1780) on subclass TOP.
          Computed fillet point lies inside pad boundary; required to be outside.

*WARNING: Can't create fillet at pad (37.5920 43.2260) on subclass TOP.
          Unable to create fillet, parameters result in fillet entirely within pad.

*WARNING: Can't create fillet at pad (37.3380 44.1960) on subclass TOP.
          Computed fillet point lies inside pad boundary; required to be outside.

*WARNING: Can't create fillet at pad (47.4940 17.7800) on subclass TOP.
          Computed fillet point lies inside pad boundary; required to be outside.

*WARNING: Can't create fillet at pad (27.1740 17.7800) on subclass TOP.
          Computed fillet point lies inside pad boundary; required to be outside.

*WARNING: Can't create fillet at pad (67.8140 15.2400) on subclass TOP.
          Computed fillet point lies inside pad boundary; required to be outside.

*WARNING: Can't create fillet at pad (67.8140 17.7800) on subclass TOP.
          Computed fillet point lies inside pad boundary; required to be outside.

*WARNING: Can't create fillet at pad (84.0780 71.3740) on subclass TOP.
          Computed fillet point lies inside pad boundary; required to be outside.

*WARNING: Can't create fillet at pad (84.0780 61.2140) on subclass TOP.
          Computed fillet point lies inside pad boundary; required to be outside.

*WARNING: Can't create fillet at pad (18.0380 61.2140) on subclass TOP.
          Computed fillet point lies inside pad boundary; required to be outside.

*WARNING: Can't fillet T at (18.0340 70.5010) on subclass TOP.
          The fillet does not fit.

*WARNING: Can't create fillet at pad (8.1320 71.3740) on subclass TOP.
          Computed fillet point lies inside pad boundary; required to be outside.

*WARNING: Can't create fillet at pad (96.7780 71.3740) on subclass TOP.
          Computed fillet point lies inside pad boundary; required to be outside.

*WARNING: Can't create fillet at pad (86.6180 71.3740) on subclass TOP.
          Computed fillet point lies inside pad boundary; required to be outside.

*WARNING: Can't create fillet at pad (86.6180 61.2140) on subclass TOP.
          Computed fillet point lies inside pad boundary; required to be outside.

*WARNING: Can't fillet T at (1.2540 29.7180) on subclass TOP.
          The fillet does not fit.

*WARNING: Can't create fillet at pad (28.1980 15.2400) on subclass TOP.
          Computed fillet point lies inside pad boundary; required to be outside.

*WARNING: Can't create fillet at pad (48.5180 15.2400) on subclass TOP.
          Computed fillet point lies inside pad boundary; required to be outside.

*WARNING: Can't fillet T at (43.4180 29.7180) on subclass TOP.
          The fillet does not fit.

*WARNING: Can't create fillet at pad (60.9520 42.6260) on subclass TOP.
          Unable to create fillet, parameters result in fillet entirely within pad.

*WARNING: Can't create fillet at pad (66.0320 42.6260) on subclass TOP.
          Unable to create fillet, parameters result in fillet entirely within pad.

*WARNING: Can't create fillet at pad (88.8920 42.6260) on subclass TOP.
          Unable to create fillet, parameters result in fillet entirely within pad.

*WARNING: Can't create fillet at pad (10.1520 42.6260) on subclass TOP.
          Unable to create fillet, parameters result in fillet entirely within pad.

*WARNING: Can't create fillet at pad (15.2320 42.6260) on subclass TOP.
          Unable to create fillet, parameters result in fillet entirely within pad.

*WARNING: Can't create fillet at pad (33.0120 42.6260) on subclass TOP.
          Unable to create fillet, parameters result in fillet entirely within pad.

*WARNING: Can't create fillet at pad (38.0920 42.6260) on subclass TOP.
          Unable to create fillet, parameters result in fillet entirely within pad.

*WARNING: Can't create fillet at pad (60.9520 43.2260) on subclass TOP.
          Unable to create fillet, parameters result in fillet entirely within pad.

*WARNING: Can't fillet T at (67.5894 61.9376) on subclass TOP.
          The fillet does not fit.

*WARNING: Can't create fillet at pad (66.0320 43.2260) on subclass TOP.
          Unable to create fillet, parameters result in fillet entirely within pad.

*WARNING: Can't fillet T at (69.5706 61.9376) on subclass TOP.
          The fillet does not fit.

*WARNING: Can't create fillet at pad (83.8120 43.2260) on subclass TOP.
          Unable to create fillet, parameters result in fillet entirely within pad.

*WARNING: Can't fillet T at (71.0946 61.9324) on subclass TOP.
          The fillet does not fit.

*WARNING: Can't create fillet at pad (88.8920 43.2260) on subclass TOP.
          Unable to create fillet, parameters result in fillet entirely within pad.

*WARNING: Can't create fillet at pad (10.1520 43.2260) on subclass TOP.
          Unable to create fillet, parameters result in fillet entirely within pad.

*WARNING: Can't fillet T at (30.5816 61.8854) on subclass TOP.
          The fillet does not fit.

*WARNING: Can't create fillet at pad (15.2320 43.2260) on subclass TOP.
          Unable to create fillet, parameters result in fillet entirely within pad.

*WARNING: Can't fillet T at (32.0548 61.9289) on subclass TOP.
          The fillet does not fit.

*WARNING: Can't create fillet at pad (33.0120 43.2260) on subclass TOP.
          Unable to create fillet, parameters result in fillet entirely within pad.

*WARNING: Can't fillet T at (34.0233 61.9437) on subclass TOP.
          The fillet does not fit.

*WARNING: Can't fillet T at (35.5092 61.9362) on subclass TOP.
          The fillet does not fit.

*WARNING: Can't create fillet at pad (38.0920 43.2260) on subclass TOP.
          Unable to create fillet, parameters result in fillet entirely within pad.

*WARNING: Can't create fillet at pad (81.2800 45.1340) on subclass TOP.
          Unable to create fillet, parameters result in fillet entirely within pad.

*WARNING: Can't create fillet at pad (81.9640 42.2420) on subclass TOP.
          Unable to create fillet, parameters result in fillet entirely within pad.

*WARNING: Can't create fillet at pad (82.8120 42.6260) on subclass TOP.
          Line width exceeds (unrotated) height of destination pad.

*WARNING: Can't create fillet at pad (81.9640 45.1340) on subclass TOP.
          Unable to create fillet, parameters result in fillet entirely within pad.

*WARNING: Can't create fillet at pad (81.9640 45.1340) on subclass TOP.
          Unable to create fillet, parameters result in fillet entirely within pad.

*WARNING: Can't create fillet at pad (82.8120 43.2260) on subclass TOP.
          Line width exceeds (unrotated) height of destination pad.

*WARNING: Can't create fillet at pad (81.9640 44.1960) on subclass TOP.
          Unable to create fillet, parameters result in fillet entirely within pad.

*WARNING: Can't create fillet at pad (86.3600 45.1340) on subclass TOP.
          Unable to create fillet, parameters result in fillet entirely within pad.

*WARNING: Can't create fillet at pad (87.8920 43.2260) on subclass TOP.
          Line width exceeds (unrotated) height of destination pad.

*WARNING: Can't create fillet at pad (87.0440 45.1340) on subclass TOP.
          Unable to create fillet, parameters result in fillet entirely within pad.

*WARNING: Can't create fillet at pad (87.0440 45.1340) on subclass TOP.
          Unable to create fillet, parameters result in fillet entirely within pad.

*WARNING: Can't create fillet at pad (87.0440 44.1960) on subclass TOP.
          Unable to create fillet, parameters result in fillet entirely within pad.

*WARNING: Can't create fillet at pad (87.8920 42.6260) on subclass TOP.
          Line width exceeds (unrotated) height of destination pad.

*WARNING: Can't create fillet at pad (87.0440 42.2420) on subclass TOP.
          Unable to create fillet, parameters result in fillet entirely within pad.

*WARNING: Can't create fillet at pad (64.1840 45.8960) on subclass TOP.
          Unable to create fillet, parameters result in fillet entirely within pad.

*WARNING: Can't create fillet at pad (65.0320 43.2260) on subclass TOP.
          Line width exceeds (unrotated) height of destination pad.

*WARNING: Can't create fillet at pad (64.1840 45.1340) on subclass TOP.
          Unable to create fillet, parameters result in fillet entirely within pad.

*WARNING: Can't create fillet at pad (64.1840 45.1340) on subclass TOP.
          Unable to create fillet, parameters result in fillet entirely within pad.

*WARNING: Can't create fillet at pad (64.1840 44.1960) on subclass TOP.
          Unable to create fillet, parameters result in fillet entirely within pad.

*WARNING: Can't create fillet at pad (65.0320 42.6260) on subclass TOP.
          Line width exceeds (unrotated) height of destination pad.

*WARNING: Can't create fillet at pad (64.1840 42.2420) on subclass TOP.
          Unable to create fillet, parameters result in fillet entirely within pad.

*WARNING: Can't create fillet at pad (59.1040 45.8960) on subclass TOP.
          Unable to create fillet, parameters result in fillet entirely within pad.

*WARNING: Can't create fillet at pad (59.9520 43.2260) on subclass TOP.
          Line width exceeds (unrotated) height of destination pad.

*WARNING: Can't create fillet at pad (59.1040 45.1340) on subclass TOP.
          Unable to create fillet, parameters result in fillet entirely within pad.

*WARNING: Can't create fillet at pad (59.1040 45.1340) on subclass TOP.
          Unable to create fillet, parameters result in fillet entirely within pad.

*WARNING: Can't create fillet at pad (59.1040 44.1960) on subclass TOP.
          Unable to create fillet, parameters result in fillet entirely within pad.

*WARNING: Can't create fillet at pad (59.9520 42.6260) on subclass TOP.
          Line width exceeds (unrotated) height of destination pad.

*WARNING: Can't create fillet at pad (59.1040 42.2420) on subclass TOP.
          Unable to create fillet, parameters result in fillet entirely within pad.

*WARNING: Can't create fillet at pad (36.2440 45.8960) on subclass TOP.
          Unable to create fillet, parameters result in fillet entirely within pad.

*WARNING: Can't create fillet at pad (37.0920 43.2260) on subclass TOP.
          Line width exceeds (unrotated) height of destination pad.

*WARNING: Can't create fillet at pad (36.2440 45.1340) on subclass TOP.
          Unable to create fillet, parameters result in fillet entirely within pad.

*WARNING: Can't create fillet at pad (36.2440 45.1340) on subclass TOP.
          Unable to create fillet, parameters result in fillet entirely within pad.

*WARNING: Can't create fillet at pad (36.2440 44.1960) on subclass TOP.
          Unable to create fillet, parameters result in fillet entirely within pad.

*WARNING: Can't create fillet at pad (37.0920 42.6260) on subclass TOP.
          Line width exceeds (unrotated) height of destination pad.

*WARNING: Can't create fillet at pad (36.2440 42.2420) on subclass TOP.
          Unable to create fillet, parameters result in fillet entirely within pad.

*WARNING: Can't create fillet at pad (31.1640 45.8960) on subclass TOP.
          Unable to create fillet, parameters result in fillet entirely within pad.

*WARNING: Can't create fillet at pad (32.0120 43.2260) on subclass TOP.
          Line width exceeds (unrotated) height of destination pad.

*WARNING: Can't create fillet at pad (31.1640 45.1340) on subclass TOP.
          Unable to create fillet, parameters result in fillet entirely within pad.

*WARNING: Can't create fillet at pad (31.1640 45.1340) on subclass TOP.
          Unable to create fillet, parameters result in fillet entirely within pad.

*WARNING: Can't create fillet at pad (31.1640 44.1960) on subclass TOP.
          Unable to create fillet, parameters result in fillet entirely within pad.

*WARNING: Can't create fillet at pad (32.0120 42.6260) on subclass TOP.
          Line width exceeds (unrotated) height of destination pad.

*WARNING: Can't create fillet at pad (31.1640 42.2420) on subclass TOP.
          Unable to create fillet, parameters result in fillet entirely within pad.

*WARNING: Can't create fillet at pad (13.3840 45.8960) on subclass TOP.
          Unable to create fillet, parameters result in fillet entirely within pad.

*WARNING: Can't create fillet at pad (14.2320 43.2260) on subclass TOP.
          Line width exceeds (unrotated) height of destination pad.

*WARNING: Can't create fillet at pad (13.3840 45.1340) on subclass TOP.
          Unable to create fillet, parameters result in fillet entirely within pad.

*WARNING: Can't create fillet at pad (13.3840 45.1340) on subclass TOP.
          Unable to create fillet, parameters result in fillet entirely within pad.

*WARNING: Can't create fillet at pad (13.3840 44.1960) on subclass TOP.
          Unable to create fillet, parameters result in fillet entirely within pad.

*WARNING: Can't create fillet at pad (14.2320 42.6260) on subclass TOP.
          Line width exceeds (unrotated) height of destination pad.

*WARNING: Can't create fillet at pad (13.3840 42.2420) on subclass TOP.
          Unable to create fillet, parameters result in fillet entirely within pad.

*WARNING: Can't create fillet at pad (8.3040 42.2420) on subclass TOP.
          Unable to create fillet, parameters result in fillet entirely within pad.

*WARNING: Can't create fillet at pad (8.3040 45.8960) on subclass TOP.
          Unable to create fillet, parameters result in fillet entirely within pad.

*WARNING: Can't create fillet at pad (8.3040 45.1340) on subclass TOP.
          Unable to create fillet, parameters result in fillet entirely within pad.

*WARNING: Can't create fillet at pad (8.3040 45.1340) on subclass TOP.
          Unable to create fillet, parameters result in fillet entirely within pad.

*WARNING: Can't create fillet at pad (9.1520 42.6260) on subclass TOP.
          Line width exceeds (unrotated) height of destination pad.

*WARNING: Can't create fillet at pad (8.3040 44.1960) on subclass TOP.
          Unable to create fillet, parameters result in fillet entirely within pad.

*WARNING: Can't create fillet at pad (9.1520 43.2260) on subclass TOP.
          Line width exceeds (unrotated) height of destination pad.

*WARNING: Can't create fillet at pad (74.9300 95.7580) on subclass TOP.
          Unable to create fillet, parameters result in fillet entirely within pad.

*WARNING: Can't create fillet at pad (74.9300 95.7580) on subclass TOP.
          Unable to create fillet, parameters result in fillet entirely within pad.

*WARNING: Can't create fillet at pad (74.1680 95.7580) on subclass TOP.
          Unable to create fillet, parameters result in fillet entirely within pad.

*WARNING: Can't create fillet at pad (75.1568 66.9780) on subclass TOP.
          Unable to create fillet, parameters result in fillet entirely within pad.

*WARNING: Can't create fillet at pad (74.2968 66.9780) on subclass TOP.
          Unable to create fillet, parameters result in fillet entirely within pad.

*WARNING: Can't create fillet at pad (74.2968 66.9780) on subclass TOP.
          Unable to create fillet, parameters result in fillet entirely within pad.

*WARNING: Can't create fillet at pad (73.2264 70.6900) on subclass TOP.
          Unable to create fillet, parameters result in fillet entirely within pad.

*WARNING: Can't create fillet at pad (72.5914 70.6900) on subclass TOP.
          Unable to create fillet, parameters result in fillet entirely within pad.

*WARNING: Can't create fillet at pad (72.5914 70.6900) on subclass TOP.
          Unable to create fillet, parameters result in fillet entirely within pad.

*WARNING: Can't create fillet at pad (73.1520 62.7380) on subclass TOP.
          Computed fillet point lies inside pad boundary; required to be outside.

*WARNING: Can't create fillet at pad (63.9844 70.6900) on subclass TOP.
          Unable to create fillet, parameters result in fillet entirely within pad.

*WARNING: Can't create fillet at pad (64.6194 70.6900) on subclass TOP.
          Unable to create fillet, parameters result in fillet entirely within pad.

*WARNING: Can't create fillet at pad (64.6194 70.6900) on subclass TOP.
          Unable to create fillet, parameters result in fillet entirely within pad.

*WARNING: Can't create fillet at pad (62.0540 66.9780) on subclass TOP.
          Unable to create fillet, parameters result in fillet entirely within pad.

*WARNING: Can't create fillet at pad (62.8414 66.9780) on subclass TOP.
          Unable to create fillet, parameters result in fillet entirely within pad.

*WARNING: Can't create fillet at pad (62.8414 66.9780) on subclass TOP.
          Unable to create fillet, parameters result in fillet entirely within pad.

*WARNING: Can't create fillet at pad (37.8460 70.8660) on subclass TOP.
          Unable to create fillet, parameters result in fillet entirely within pad.

*WARNING: Can't create fillet at pad (37.0840 70.8660) on subclass TOP.
          Unable to create fillet, parameters result in fillet entirely within pad.

*WARNING: Can't create fillet at pad (39.3700 66.9780) on subclass TOP.
          Unable to create fillet, parameters result in fillet entirely within pad.

*WARNING: Can't create fillet at pad (38.6080 66.9780) on subclass TOP.
          Unable to create fillet, parameters result in fillet entirely within pad.

*WARNING: Can't create fillet at pad (38.6080 66.9780) on subclass TOP.
          Unable to create fillet, parameters result in fillet entirely within pad.

*WARNING: Can't create fillet at pad (27.6860 70.6900) on subclass TOP.
          Unable to create fillet, parameters result in fillet entirely within pad.

*WARNING: Can't create fillet at pad (28.7020 70.6900) on subclass TOP.
          Unable to create fillet, parameters result in fillet entirely within pad.

*WARNING: Can't create fillet at pad (28.7020 70.6900) on subclass TOP.
          Unable to create fillet, parameters result in fillet entirely within pad.

*WARNING: Can't create fillet at pad (26.4160 66.9780) on subclass TOP.
          Unable to create fillet, parameters result in fillet entirely within pad.

*WARNING: Can't create fillet at pad (27.4320 66.9780) on subclass TOP.
          Unable to create fillet, parameters result in fillet entirely within pad.

*WARNING: Can't create fillet at pad (27.4320 66.9780) on subclass TOP.
          Unable to create fillet, parameters result in fillet entirely within pad.

*WARNING: Can't create fillet at pad (96.7780 61.2140) on subclass TOP.
          Computed fillet point lies inside pad boundary; required to be outside.

*WARNING: Can't create fillet at pad (94.2380 71.3740) on subclass TOP.
          Computed fillet point lies inside pad boundary; required to be outside.




Total number of fillets added: 380

Number of fillets rejected due to DRC errors: 1


Elapsed time:  0 hr 0 min 1 sec ( 0.00 hr)
Actual time of completion: Wed Aug 21 12:20:28 2024


There were 140 errors or warnings reported in logfile.


Glossing complete.
